
*** Running vivado
    with args -log audio_AXI_DMA_audio_axis_tx_0_0.vds -m64 -product Vivado -mode batch -messageDb vivado.pb -notrace -source audio_AXI_DMA_audio_axis_tx_0_0.tcl



****** Vivado v2022.2 (64-bit)
  **** SW Build 3671981 on Fri Oct 14 05:00:03 MDT 2022
  **** IP Build 3669848 on Fri Oct 14 08:30:02 MDT 2022
    ** Copyright 1986-2022 Xilinx, Inc. All Rights Reserved.

source audio_AXI_DMA_audio_axis_tx_0_0.tcl -notrace
create_project: Time (s): cpu = 00:00:14 ; elapsed = 00:00:18 . Memory (MB): peak = 431.336 ; gain = 103.793
INFO: [IP_Flow 19-234] Refreshing IP repositories
INFO: [IP_Flow 19-1700] Loaded user IP repository 'c:/Users/Engineering/ip_repo/audio_IP_1_0'.
INFO: [IP_Flow 19-2313] Loaded Vivado IP repository 'C:/Xilinx/Vivado/2022.2/data/ip'.
INFO: [IP_Flow 19-6924] IPCACHE: Running cache check for IP inst: audio_AXI_DMA_audio_axis_tx_0_0
Command: synth_design -top audio_AXI_DMA_audio_axis_tx_0_0 -part xc7z010clg400-1 -incremental_mode off -mode out_of_context
Starting synth_design
Attempting to get a license for feature 'Synthesis' and/or device 'xc7z010'
INFO: [Common 17-349] Got license for feature 'Synthesis' and/or device 'xc7z010'
INFO: [Device 21-403] Loading part xc7z010clg400-1
INFO: [Synth 8-7079] Multithreading enabled for synth_design using a maximum of 2 processes.
INFO: [Synth 8-7078] Launching helper process for spawning children vivado processes
INFO: [Synth 8-7075] Helper process launched with PID 33048
INFO: [Synth 8-11241] undeclared symbol 'REGCCE', assumed default net type 'wire' [C:/Xilinx/Vivado/2022.2/data/verilog/src/unimacro/BRAM_SINGLE_MACRO.v:2170]
---------------------------------------------------------------------------------
Starting RTL Elaboration : Time (s): cpu = 00:00:12 ; elapsed = 00:00:14 . Memory (MB): peak = 1247.875 ; gain = 406.637
---------------------------------------------------------------------------------
INFO: [Synth 8-638] synthesizing module 'audio_AXI_DMA_audio_axis_tx_0_0' [c:/Users/Engineering/projekt_sdup/projekt_sdup.gen/sources_1/bd/audio_AXI_DMA/ip/audio_AXI_DMA_audio_axis_tx_0_0/synth/audio_AXI_DMA_audio_axis_tx_0_0.vhd:69]
	Parameter G_SAMPLES_PER_FRAME bound to: 1024 - type: integer 
INFO: [Synth 8-3491] module 'audio_axis_tx' declared at 'C:/Users/Engineering/projekt_sdup/projekt_sdup.srcs/sources_1/new/audio_axis_tx.vhd:5' bound to instance 'U0' of component 'audio_axis_tx' [c:/Users/Engineering/projekt_sdup/projekt_sdup.gen/sources_1/bd/audio_AXI_DMA/ip/audio_AXI_DMA_audio_axis_tx_0_0/synth/audio_AXI_DMA_audio_axis_tx_0_0.vhd:107]
INFO: [Synth 8-638] synthesizing module 'audio_axis_tx' [C:/Users/Engineering/projekt_sdup/projekt_sdup.srcs/sources_1/new/audio_axis_tx.vhd:17]
INFO: [Synth 8-256] done synthesizing module 'audio_axis_tx' (0#1) [C:/Users/Engineering/projekt_sdup/projekt_sdup.srcs/sources_1/new/audio_axis_tx.vhd:17]
INFO: [Synth 8-256] done synthesizing module 'audio_AXI_DMA_audio_axis_tx_0_0' (0#1) [c:/Users/Engineering/projekt_sdup/projekt_sdup.gen/sources_1/bd/audio_AXI_DMA/ip/audio_AXI_DMA_audio_axis_tx_0_0/synth/audio_AXI_DMA_audio_axis_tx_0_0.vhd:69]
---------------------------------------------------------------------------------
Finished RTL Elaboration : Time (s): cpu = 00:00:16 ; elapsed = 00:00:19 . Memory (MB): peak = 1343.250 ; gain = 502.012
---------------------------------------------------------------------------------
---------------------------------------------------------------------------------
Start Handling Custom Attributes
---------------------------------------------------------------------------------
---------------------------------------------------------------------------------
Finished Handling Custom Attributes : Time (s): cpu = 00:00:16 ; elapsed = 00:00:19 . Memory (MB): peak = 1343.250 ; gain = 502.012
---------------------------------------------------------------------------------
---------------------------------------------------------------------------------
Finished RTL Optimization Phase 1 : Time (s): cpu = 00:00:16 ; elapsed = 00:00:19 . Memory (MB): peak = 1343.250 ; gain = 502.012
---------------------------------------------------------------------------------
Netlist sorting complete. Time (s): cpu = 00:00:00 ; elapsed = 00:00:00.007 . Memory (MB): peak = 1343.250 ; gain = 0.000
INFO: [Project 1-570] Preparing netlist for logic optimization

Processing XDC Constraints
Initializing timing engine
Completed Processing XDC Constraints

Netlist sorting complete. Time (s): cpu = 00:00:00 ; elapsed = 00:00:00.001 . Memory (MB): peak = 1390.871 ; gain = 0.000
INFO: [Project 1-111] Unisim Transformation Summary:
No Unisim elements were transformed.

Constraint Validation Runtime : Time (s): cpu = 00:00:00 ; elapsed = 00:00:00.071 . Memory (MB): peak = 1390.871 ; gain = 0.000
INFO: [Designutils 20-5008] Incremental synthesis strategy off
INFO: [Synth 8-11241] undeclared symbol 'REGCCE', assumed default net type 'wire' [C:/Xilinx/Vivado/2022.2/data/verilog/src/unimacro/BRAM_SINGLE_MACRO.v:2170]
---------------------------------------------------------------------------------
Finished Constraint Validation : Time (s): cpu = 00:00:32 ; elapsed = 00:00:37 . Memory (MB): peak = 1390.871 ; gain = 549.633
---------------------------------------------------------------------------------
---------------------------------------------------------------------------------
Start Loading Part and Timing Information
---------------------------------------------------------------------------------
Loading part: xc7z010clg400-1
---------------------------------------------------------------------------------
Finished Loading Part and Timing Information : Time (s): cpu = 00:00:32 ; elapsed = 00:00:37 . Memory (MB): peak = 1390.871 ; gain = 549.633
---------------------------------------------------------------------------------
---------------------------------------------------------------------------------
Start Applying 'set_property' XDC Constraints
---------------------------------------------------------------------------------
---------------------------------------------------------------------------------
Finished applying 'set_property' XDC Constraints : Time (s): cpu = 00:00:32 ; elapsed = 00:00:37 . Memory (MB): peak = 1390.871 ; gain = 549.633
---------------------------------------------------------------------------------
---------------------------------------------------------------------------------
Finished RTL Optimization Phase 2 : Time (s): cpu = 00:00:33 ; elapsed = 00:00:38 . Memory (MB): peak = 1390.871 ; gain = 549.633
---------------------------------------------------------------------------------
---------------------------------------------------------------------------------
Start RTL Component Statistics 
---------------------------------------------------------------------------------
Detailed RTL Component Info : 
+---Adders : 
	   2 Input   12 Bit       Adders := 1     
+---Registers : 
	               64 Bit    Registers := 1     
	               12 Bit    Registers := 1     
	                1 Bit    Registers := 2     
+---Muxes : 
	   2 Input   12 Bit        Muxes := 1     
---------------------------------------------------------------------------------
Finished RTL Component Statistics 
---------------------------------------------------------------------------------
---------------------------------------------------------------------------------
Start Part Resource Summary
---------------------------------------------------------------------------------
Part Resources:
DSPs: 80 (col length:40)
BRAMs: 120 (col length: RAMB18 40 RAMB36 20)
---------------------------------------------------------------------------------
Finished Part Resource Summary
---------------------------------------------------------------------------------
---------------------------------------------------------------------------------
Start Cross Boundary and Area Optimization
---------------------------------------------------------------------------------
WARNING: [Synth 8-7080] Parallel synthesis criteria is not met
---------------------------------------------------------------------------------
Finished Cross Boundary and Area Optimization : Time (s): cpu = 00:00:38 ; elapsed = 00:00:44 . Memory (MB): peak = 1390.871 ; gain = 549.633
---------------------------------------------------------------------------------
---------------------------------------------------------------------------------
Start Applying XDC Timing Constraints
---------------------------------------------------------------------------------
---------------------------------------------------------------------------------
Finished Applying XDC Timing Constraints : Time (s): cpu = 00:00:51 ; elapsed = 00:00:58 . Memory (MB): peak = 1390.871 ; gain = 549.633
---------------------------------------------------------------------------------
---------------------------------------------------------------------------------
Start Timing Optimization
---------------------------------------------------------------------------------
---------------------------------------------------------------------------------
Finished Timing Optimization : Time (s): cpu = 00:00:51 ; elapsed = 00:00:58 . Memory (MB): peak = 1390.871 ; gain = 549.633
---------------------------------------------------------------------------------
---------------------------------------------------------------------------------
Start Technology Mapping
---------------------------------------------------------------------------------
---------------------------------------------------------------------------------
Finished Technology Mapping : Time (s): cpu = 00:00:51 ; elapsed = 00:00:58 . Memory (MB): peak = 1390.871 ; gain = 549.633
---------------------------------------------------------------------------------
---------------------------------------------------------------------------------
Start IO Insertion
---------------------------------------------------------------------------------
---------------------------------------------------------------------------------
Start Flattening Before IO Insertion
---------------------------------------------------------------------------------
---------------------------------------------------------------------------------
Finished Flattening Before IO Insertion
---------------------------------------------------------------------------------
---------------------------------------------------------------------------------
Start Final Netlist Cleanup
---------------------------------------------------------------------------------
---------------------------------------------------------------------------------
Finished Final Netlist Cleanup
---------------------------------------------------------------------------------
---------------------------------------------------------------------------------
Finished IO Insertion : Time (s): cpu = 00:01:03 ; elapsed = 00:01:11 . Memory (MB): peak = 1390.871 ; gain = 549.633
---------------------------------------------------------------------------------
---------------------------------------------------------------------------------
Start Renaming Generated Instances
---------------------------------------------------------------------------------
---------------------------------------------------------------------------------
Finished Renaming Generated Instances : Time (s): cpu = 00:01:03 ; elapsed = 00:01:11 . Memory (MB): peak = 1390.871 ; gain = 549.633
---------------------------------------------------------------------------------
---------------------------------------------------------------------------------
Start Rebuilding User Hierarchy
---------------------------------------------------------------------------------
---------------------------------------------------------------------------------
Finished Rebuilding User Hierarchy : Time (s): cpu = 00:01:03 ; elapsed = 00:01:11 . Memory (MB): peak = 1390.871 ; gain = 549.633
---------------------------------------------------------------------------------
---------------------------------------------------------------------------------
Start Renaming Generated Ports
---------------------------------------------------------------------------------
---------------------------------------------------------------------------------
Finished Renaming Generated Ports : Time (s): cpu = 00:01:03 ; elapsed = 00:01:11 . Memory (MB): peak = 1390.871 ; gain = 549.633
---------------------------------------------------------------------------------
---------------------------------------------------------------------------------
Start Handling Custom Attributes
---------------------------------------------------------------------------------
---------------------------------------------------------------------------------
Finished Handling Custom Attributes : Time (s): cpu = 00:01:03 ; elapsed = 00:01:11 . Memory (MB): peak = 1390.871 ; gain = 549.633
---------------------------------------------------------------------------------
---------------------------------------------------------------------------------
Start Renaming Generated Nets
---------------------------------------------------------------------------------
---------------------------------------------------------------------------------
Finished Renaming Generated Nets : Time (s): cpu = 00:01:03 ; elapsed = 00:01:11 . Memory (MB): peak = 1390.871 ; gain = 549.633
---------------------------------------------------------------------------------
---------------------------------------------------------------------------------
Start Writing Synthesis Report
---------------------------------------------------------------------------------

Report BlackBoxes: 
+-+--------------+----------+
| |BlackBox name |Instances |
+-+--------------+----------+
+-+--------------+----------+

Report Cell Usage: 
+------+-------+------+
|      |Cell   |Count |
+------+-------+------+
|1     |CARRY4 |     3|
|2     |LUT1   |     2|
|3     |LUT2   |    12|
|4     |LUT4   |     3|
|5     |LUT6   |     1|
|6     |FDRE   |    78|
+------+-------+------+
---------------------------------------------------------------------------------
Finished Writing Synthesis Report : Time (s): cpu = 00:01:03 ; elapsed = 00:01:11 . Memory (MB): peak = 1390.871 ; gain = 549.633
---------------------------------------------------------------------------------
Synthesis finished with 0 errors, 0 critical warnings and 1 warnings.
Synthesis Optimization Runtime : Time (s): cpu = 00:00:44 ; elapsed = 00:01:07 . Memory (MB): peak = 1390.871 ; gain = 502.012
Synthesis Optimization Complete : Time (s): cpu = 00:01:03 ; elapsed = 00:01:11 . Memory (MB): peak = 1390.871 ; gain = 549.633
INFO: [Project 1-571] Translating synthesized netlist
Netlist sorting complete. Time (s): cpu = 00:00:00 ; elapsed = 00:00:00.007 . Memory (MB): peak = 1390.871 ; gain = 0.000
INFO: [Netlist 29-17] Analyzing 3 Unisim elements for replacement
INFO: [Netlist 29-28] Unisim Transformation completed in 0 CPU seconds
INFO: [Project 1-570] Preparing netlist for logic optimization
INFO: [Opt 31-138] Pushed 0 inverter(s) to 0 load pin(s).
Netlist sorting complete. Time (s): cpu = 00:00:00 ; elapsed = 00:00:00 . Memory (MB): peak = 1390.871 ; gain = 0.000
INFO: [Project 1-111] Unisim Transformation Summary:
No Unisim elements were transformed.

Synth Design complete, checksum: be6d80bd
INFO: [Common 17-83] Releasing license: Synthesis
26 Infos, 1 Warnings, 0 Critical Warnings and 0 Errors encountered.
synth_design completed successfully
synth_design: Time (s): cpu = 00:01:14 ; elapsed = 00:01:33 . Memory (MB): peak = 1390.871 ; gain = 924.816
INFO: [Common 17-1381] The checkpoint 'C:/Users/Engineering/projekt_sdup/projekt_sdup.runs/audio_AXI_DMA_audio_axis_tx_0_0_synth_1/audio_AXI_DMA_audio_axis_tx_0_0.dcp' has been generated.
INFO: [Coretcl 2-1648] Added synthesis output to IP cache for IP audio_AXI_DMA_audio_axis_tx_0_0, cache-ID = 0b7077340aeb86ff
INFO: [Common 17-1381] The checkpoint 'C:/Users/Engineering/projekt_sdup/projekt_sdup.runs/audio_AXI_DMA_audio_axis_tx_0_0_synth_1/audio_AXI_DMA_audio_axis_tx_0_0.dcp' has been generated.
INFO: [runtcl-4] Executing : report_utilization -file audio_AXI_DMA_audio_axis_tx_0_0_utilization_synth.rpt -pb audio_AXI_DMA_audio_axis_tx_0_0_utilization_synth.pb
INFO: [Common 17-206] Exiting Vivado at Fri Jun 20 15:38:09 2025...
